Server terminated
Connection closed: Interrupted system call
Listening socket created.
Binding done.
Listening on port: 8000.
Waiting for incoming connections...
